[0mGET /api/requests/6aad6e60966c38573428cee9 [32m200[0m 38.971 ms - 4046[0m
[0mPOST /api/approvals/6aad6e60966c38573428cee9/approve [33m403[0m 7.952 ms - 112[0m
[0mGET /api/requests/6aad6e60966c38573428cee9 [32m200[0m 14.380 ms - 4083[0m
[0mGET /api/requests/6aad6e60966c38573428cee9 [32m200[0m 10.139 ms - 4046[0m
[0mPOST /api/approvals/6aad6e60966c38573428cee9/approve [33m403[0m 3.978 ms - 148[0m
[0mGET /api/requests/6aad6e60966c38573428cee9 [32m200[0m 9.949 ms - 4046[0m
[0mPOST /api/approvals/6aad6e60966c38573428cee9/approve [33m403[0m 1.742 ms - 112[0m
[0mGET /api/requests/6aad6e60966c38573428cee9 [32m200[0m 9.709 ms - 4054[0m
[0mPOST /api/approvals/6aad6e60966c38573428cee9/approve [33m403[0m 1.531 ms - 112[0m
[0mGET /api/requests/6aad6e60966c38573428cee9 [32m200[0m 9.764 ms - 4046[0m
[0mPOST /api/approvals/6aad6e60966c38573428cee9/approve [33m403[0m 1.457 ms - 112[0m
[0mGET /api/requests/6aad6e60966c38573428cee9 [32m200[0m 12.343 ms - 4046[0m
[0mPOST /api/approvals/6aad6e60966c38573428cee9/approve [33m403[0m 2.505 ms - 134[0m
[0mGET /api/requests/6aad6e60966c38573428cee9 [32m200[0m 8.672 ms - 4092[0m
[0mGET /api/requests/6aad6e60966c38573428cee9 [32m200[0m 8.642 ms - 4038[0m
[0mPOST /api/approvals/6aad6e60966c38573428cee9/approve [33m403[0m 0.942 ms - 112[0m
[0mGET /api/requests/6aad6e60966c38573428cee9 [32m200[0m 9.001 ms - 4038[0m
[0mPOST /api/approvals/6aad6e60966c38573428cee9/approve [33m403[0m 3.147 ms - 146[0m
[0mGET /api/requests/6aad6e60966c38573428cee9 [32m200[0m 8.246 ms - 4075[0m
[0mGET /api/requests/6aad6e60966c38573428cee9 [32m200[0m 8.800 ms - 4038[0m
[0mPOST /api/approvals/6aad6e60966c38573428cee9/approve [33m403[0m 1.181 ms - 112[0m
[0mGET /api/requests/6aad6e60966c38573428cee9 [32m200[0m 8.022 ms - 4046[0m
[0mPOST /api/approvals/6aad6e60966c38573428cee9/approve [33m403[0m 1.260 ms - 112[0m
[0mGET /api/requests/6aad6e60966c38573428cee9 [32m200[0m 9.801 ms - 4038[0m
[0mPOST /api/approvals/6aad6e60966c38573428cee9/approve [33m403[0m 1.988 ms - 112[0m
[0mGET /api/requests/6aad6e60966c38573428cee9 [32m200[0m 9.522 ms - 4038[0m
[0mPOST /api/approvals/6aad6e60966c38573428cee9/approve [33m403[0m 2.285 ms - 146[0m
[0mGET /api/requests/6aad6e60966c38573428cee9 [32m200[0m 8.323 ms - 4084[0m
[0mGET /api/requests/6aad6e60966c38573428cee9 [32m200[0m 9.878 ms - 4153[0m
[0mGET /api/requests/6aad6e60966c38573428cee9 [32m200[0m 7.819 ms - 4153[0m
[0mGET /api/requests/6aad6e60966c38573428cee9 [32m200[0m 7.865 ms - 4153[0m
[0mGET /api/requests/6aad6e60966c38573428cee9 [32m200[0m 7.817 ms - 4153[0m
[0mGET /api/requests/6aad6e60966c38573428cee9 [32m200[0m 8.469 ms - 4153[0m
[0mGET /api/requests/6aad6e60966c38573428cee9 [32m200[0m 8.044 ms - 4153[0m
[0mGET /api/requests/6aad6e60966c38573428cee9 [32m200[0m 8.213 ms - 4153[0m
[0mGET /api/requests/6aad6e60966c38573428cee9 [32m200[0m 8.262 ms - 4153[0m
[0mPOST /api/approvals/6aad6e60966c38573428cee9/approve [33m409[0m 2.332 ms - 163[0m
[0mGET /api/requests/6aad6e60966c38573428cee9 [32m200[0m 7.754 ms - 4145[0m
[0mGET /api/requests/6aad6e60966c38573428cee9 [32m200[0m 7.199 ms - 4145[0m
[0mGET /api/requests/6aad6e60966c38573428cee9 [32m200[0m 6.914 ms - 4145[0m
[0mGET /api/requests/6aad6e60966c38573428cee9 [32m200[0m 7.953 ms - 4145[0m
[0mGET /api/requests/6aad6e60966c38573428cee9 [32m200[0m 7.870 ms - 4145[0m
[0mGET /api/requests/6aad6e60966c38573428cee9 [32m200[0m 7.268 ms - 4145[0m
[0mGET /api/requests/6aad6e60966c38573428cee9 [32m200[0m 7.340 ms - 4145[0m
[0mGET /api/requests/6aad6e60966c38573428cee9 [32m200[0m 6.970 ms - 4145[0m
[0mPOST /api/approvals/6aad6e60966c38573428cee9/approve [33m409[0m 2.220 ms - 161[0m
[0mGET /api/requests/6aad6e60966c38573428cee9 [32m200[0m 7.593 ms - 3987[0m
[0mGET /api/requests/6aad6e60966c38573428cee9 [32m200[0m 7.468 ms - 3987[0m
[0mGET /api/requests/6aad6e60966c38573428cee9 [32m200[0m 7.940 ms - 3987[0m
[0mGET /api/requests/6aad6e60966c38573428cee9 [32m200[0m 7.862 ms - 3987[0m
[0mGET /api/requests/6aad6e60966c38573428cee9 [32m200[0m 8.429 ms - 3987[0m
[0mGET /api/requests/6aad6e60966c38573428cee9 [32m200[0m 8.109 ms - 3987[0m
[0mGET /api/requests/6aad6e60966c38573428cee9 [32m200[0m 9.073 ms - 3987[0m
[0mGET /api/requests/6aad6e60966c38573428cee9 [32m200[0m 8.163 ms - 3987[0m
[0mPOST /api/approvals/6aad6e60966c38573428cee9/approve [33m409[0m 2.380 ms - 161[0m
[0mGET /api/requests/6aad6e60966c38573428cee9 [32m200[0m 7.431 ms - 4001[0m
[0mGET /api/requests/6aad6e60966c38573428cee9 [32m200[0m 7.964 ms - 4001[0m
[0mGET /api/requests/6aad6e60966c38573428cee9 [32m200[0m 6.809 ms - 4001[0m
[0mGET /api/requests/6aad6e60966c38573428cee9 [32m200[0m 7.049 ms - 4001[0m
[0mGET /api/requests/6aad6e60966c38573428cee9 [32m200[0m 7.581 ms - 4001[0m
[0mGET /api/requests/6aad6e60966c38573428cee9 [32m200[0m 7.202 ms - 4001[0m
[0mGET /api/requests/6aad6e60966c38573428cee9 [32m200[0m 7.470 ms - 4001[0m
[0mGET /api/requests/6aad6e60966c38573428cee9 [32m200[0m 7.557 ms - 4001[0m
[0mPOST /api/approvals/6aad6e60966c38573428cee9/approve [33m409[0m 2.356 ms - 168[0m
[0mGET /api/requests?renditionStatus=PENDING [32m200[0m 6.652 ms - 2141[0m
[0mGET /api/requests?renditionStatus=SUBMITTED [32m200[0m 2.169 ms - 74[0m
[0mGET /api/requests [33m401[0m 0.359 ms - 95[0m
PASS: eight roles, two stages, denied approval calls, four terminal statuses, direct rendition filters, authentication
