
> erp-financial-frontend@1.0.0 build
> vite build

vite v5.4.21 building for production...
transforming...
✓ 2338 modules transformed.
rendering chunks...
computing gzip size...
dist/index.html                                         0.67 kB │ gzip:   0.39 kB
dist/assets/index-BXSNcR8J.css                        165.68 kB │ gzip:  30.15 kB
dist/assets/plus-Wtg_QCxg.js                            0.32 kB │ gzip:   0.25 kB
dist/assets/arrow-right-B_ShdP-_.js                     0.33 kB │ gzip:   0.27 kB
dist/assets/power-jM4lplMv.js                           0.34 kB │ gzip:   0.27 kB
dist/assets/rotate-ccw-BCv4yiR_.js                      0.37 kB │ gzip:   0.29 kB
dist/assets/circle-x-CWhakW0y.js                        0.37 kB │ gzip:   0.28 kB
dist/assets/Message-CUQ-9LMz.js                         0.39 kB │ gzip:   0.28 kB
dist/assets/cloud-upload-DD1xmg1G.js                    0.42 kB │ gzip:   0.31 kB
dist/assets/eye-PhUppezi.js                             0.42 kB │ gzip:   0.30 kB
dist/assets/lock-keyhole-d8XYI2W-.js                    0.42 kB │ gzip:   0.32 kB
dist/assets/file-check-2-BeZ2Bmjg.js                    0.42 kB │ gzip:   0.30 kB
dist/assets/pencil-Dcsr9Dgo.js                          0.45 kB │ gzip:   0.32 kB
dist/assets/badge-check-B1kDIvI5.js                     0.48 kB │ gzip:   0.31 kB
dist/assets/shield-check-B4Diqxe3.js                    0.49 kB │ gzip:   0.35 kB
dist/assets/printer-C_zJ4zgX.js                         0.49 kB │ gzip:   0.34 kB
dist/assets/refresh-cw-OfpF1PnR.js                      0.49 kB │ gzip:   0.33 kB
dist/assets/save-Bwy1eU0W.js                            0.50 kB │ gzip:   0.33 kB
dist/assets/financialEvidence-uQ30q12m.js               0.51 kB │ gzip:   0.33 kB
dist/assets/star-BzMgPrWc.js                            0.64 kB │ gzip:   0.40 kB
dist/assets/formatters-QXHMM_fc.js                      0.65 kB │ gzip:   0.37 kB
dist/assets/send-SZkPXNWK.js                            0.70 kB │ gzip:   0.37 kB
dist/assets/message-square-warning-B9TVLaMX.js          0.74 kB │ gzip:   0.39 kB
dist/assets/WorkflowStatusLegend-CnSulLaY.js            0.78 kB │ gzip:   0.38 kB
dist/assets/BudgetLimitSummary-UTTv9Fbe.js              0.87 kB │ gzip:   0.38 kB
dist/assets/ApprovalTimeline-DNRKANOs.js                0.88 kB │ gzip:   0.50 kB
dist/assets/StatCard-DJh7-pTF.js                        0.89 kB │ gzip:   0.54 kB
dist/assets/ProtectedAssetButton-CzUyoxCg.js            1.01 kB │ gzip:   0.66 kB
dist/assets/SectionNavigation-DG60DfO4.js               1.34 kB │ gzip:   0.72 kB
dist/assets/usePaginatedResource-Detojikl.js            1.91 kB │ gzip:   1.01 kB
dist/assets/FinancialProgressSummary-pnaEMiL8.js        1.97 kB │ gzip:   0.84 kB
dist/assets/ExpenseTypes-DXtUfVyT.js                    2.01 kB │ gzip:   0.82 kB
dist/assets/options-DKZwL7i8.js                         2.05 kB │ gzip:   1.08 kB
dist/assets/Drawer-BlXoLRmt.js                          2.33 kB │ gzip:   1.07 kB
dist/assets/CostCenters-vKPvEH7c.js                     2.44 kB │ gzip:   0.99 kB
dist/assets/AuditViewer-ySZKMxd6.js                     3.16 kB │ gzip:   1.26 kB
dist/assets/AdminUsers-Cf271rcb.js                      4.10 kB │ gzip:   1.69 kB
dist/assets/RequestQuickView-BR-h0xDK.js                4.15 kB │ gzip:   1.68 kB
dist/assets/ExchangeRates-DeCPDW58.js                   4.35 kB │ gzip:   2.01 kB
dist/assets/StatusBadge-IO861PHW.js                     4.78 kB │ gzip:   1.61 kB
dist/assets/PaymentTermsSummary-Cpll2le0.js             5.21 kB │ gzip:   2.12 kB
dist/assets/Login-y-k3ZrKV.js                           5.30 kB │ gzip:   2.02 kB
dist/assets/AccountingPeriods-CdWH2AIe.js               5.59 kB │ gzip:   2.23 kB
dist/assets/RequestsList-C865oNL_.js                    5.92 kB │ gzip:   2.36 kB
dist/assets/InvoiceObservations-C8zx6a62.js             6.28 kB │ gzip:   2.55 kB
dist/assets/SireExport-1MpN47MP.js                      6.57 kB │ gzip:   2.48 kB
dist/assets/DraftPanel-DhtS-KqL.js                      7.39 kB │ gzip:   2.84 kB
dist/assets/BulkInvoiceUpload-DL-WwsUu.js               7.48 kB │ gzip:   2.77 kB
dist/assets/ApprovalInbox-B_o-tNiW.js                   7.88 kB │ gzip:   2.92 kB
dist/assets/ResourceManager-a_J9vxW9.js                 8.04 kB │ gzip:   3.17 kB
dist/assets/EmployeeReimbursementBanking-CSBdkbGs.js    9.60 kB │ gzip:   3.26 kB
dist/assets/AccountsPayable-9macWLnl.js                11.34 kB │ gzip:   3.34 kB
dist/assets/MasterConfiguration-BGKUKJkx.js            12.54 kB │ gzip:   3.73 kB
dist/assets/Dashboard-8j41hGY7.js                      12.59 kB │ gzip:   4.47 kB
dist/assets/AccountingEntries-D6qurMuK.js              14.13 kB │ gzip:   4.13 kB
dist/assets/ManagementReports-Cy_-cwiu.js              18.68 kB │ gzip:   5.78 kB
dist/assets/BudgetControl-XQPyS-Lt.js                  27.37 kB │ gzip:   8.08 kB
dist/assets/TreasuryQueue-BvWyMoZT.js                  28.21 kB │ gzip:   7.46 kB
dist/assets/Suppliers-9Pi6zAI4.js                      61.91 kB │ gzip:  15.45 kB
dist/assets/RequestCreate-DzZK-01r.js                  63.66 kB │ gzip:  18.46 kB
dist/assets/RequestDetail-BSNX-Szv.js                  74.86 kB │ gzip:  19.79 kB
dist/assets/DataTable-CAdSjhBB.js                      80.02 kB │ gzip:  27.06 kB
dist/assets/index-BRMLiDK2.js                         411.49 kB │ gzip: 133.76 kB
dist/assets/AnalyticsChart-CMsT3EvI.js                436.78 kB │ gzip: 124.36 kB
✓ built in 2.81s
