
> erp-financial-backend@1.0.0 test
> node test/run.js

✔ only Admin and Solicitor can create financial requests (0.8252ms)
✔ Approver cannot access Suppliers while operational roles can (0.0919ms)
✔ Solicitor can modify only owned editable requests; rejected requests remain terminal (0.1182ms)
✔ Approver cannot view drafts but Accounting and Treasury retain operational visibility (0.1124ms)
✔ Approvers can act only at their assigned workflow level while Admin can act at either level (0.1131ms)
✔ permission catalog preserves existing roles and adds Budget and Management capabilities (0.1081ms)
✔ payables prefer frozen order terms, then the selected quotation, with a legacy fallback (7.1593ms)
✔ payable due dates follow known dates without replacing milestone terms with supplier credit (0.6276ms)
✔ all six quotation terms survive API parsing and produce a useful comparison (0.7917ms)
✔ split amounts sum to the quotation to the cent and ignore forged balances (0.5502ms)
✔ fixed payment cards derive 100/0 and 0/100 through API, model and order snapshots (7.681ms)
✔ API rejects invalid active fields but permits incomplete draft terms (0.6989ms)
✔ switching term types clears inactive data and retains legacy text without guessing terms (0.1162ms)
✔ quotation model enforces percentage validation and recalculates derived balance (1.6086ms)
✔ order terms come only from the recommended quotation for the selected supplier (0.1492ms)
▶ annual and monthly budget planning and lifecycle
  ✔ exact distribution, custom reserve, explicit mode, and input restrictions (53.9113ms)
  ✔ monthly shortage blocks even with annual capacity and a transitional Cost Center (39.1589ms)
  ✔ annual-only permits any month, blocks annual exhaustion, and preserves reservation month (22.7173ms)
  ✔ competing reservations cannot overspend a monthly or annual cap (9.8776ms)
  ✔ multi-line shortages and failed commitment saves roll back both counters (16.6474ms)
  ✔ transfers, reserve allocations and increases retain usage and audit history (51.1157ms)
  ✔ zero monthly allocations stay blocked; approved exception remains explicit (82.4144ms)
  ✔ Track C waits for rendition, records both levels, and releases no unreserved money (45.5334ms)
  ✔ annual reports count each expenditure once and do not add monthly assignments to annual totals (6.3824ms)
  ✔ failed execution, payment and release saves restore annual and monthly usage (69.4479ms)
  ✔ a failed later rendition line restores earlier annual and monthly postings (30.2761ms)
  ✔ competing requests in different months share one annual-only limit (14.1274ms)
  ✔ legacy allocations remain valid and cannot overlap a new annual plan (8.2882ms)
✔ annual and monthly budget planning and lifecycle (1215.2089ms)
✔ mandatory invoice request types require both XML and PDF (0.319ms)
✔ Track C submission can be saved without invoice files (0.0542ms)
✔ every request needs at least one fully dimensioned accounting line (0.2495ms)
✔ goods submission requires three quotations while invoice documents belong to the invoice phase (0.1467ms)
✔ service submission requires service or contract documentation (0.0476ms)
✔ BCRP daily period labels are converted to ISO dates (0.125ms)
✔ latest published rate ignores unavailable and out-of-order periods (5.6221ms)
✔ BCRP JSON is parsed even when its server appends an HTML diagnostic (0.226ms)
✔ online lookup returns an editable USD-PEN rate payload (0.206ms)
✔ budget, fiscal duplicate, and immutable audit controls work together (1217.2652ms)
✔ money helpers calculate with exact two-decimal minor units (0.2204ms)
✔ canonical workflow graph does not permit payment directly from Accounting (0.0979ms)
✔ stored financial files reject traversal and unsupported public paths (0.2825ms)
✔ generated financial files enforce the server-side role matrix (0.2287ms)
▶ production financial controls cover the canonical lifecycle
  ✔ 1. save draft (30.9027ms)
  ✔ 2. submit complete request (30.7256ms)
  ✔ 3. missing required attachment blocks submit (10.7111ms)
  ✔ 4. XML amount mismatch blocks and records failed validation (8.4701ms)
  ✔ 5. duplicate supplier is blocked (7.6967ms)
  ✔ 6. supplier bank-account history is retained (18.2194ms)
  ✔ 7. Director approval (21.1994ms)
  ✔ 8. Vice Rector approval and transitional budget commitment (41.4054ms)
  ✔ 9. SLA overdue calculation (0.2456ms)
  ✔ 10. budget commitment succeeds with sufficient funds (12.5498ms)
  ✔ 11. insufficient budget creates exception branch (8.5455ms)
  ✔ 12-14. missing dimensions are blocked and account taxonomy is enforced (1.8989ms)
  ✔ 15-17. duplicate voucher protection, CXP creation, and balanced provision (52.4404ms)
  ✔ 18-20. OPEX, CAPEX, and unsupported reimbursement mappings (2.5703ms)
  ✔ 21-22. Entrega a Rendir posts Account 14 then recognizes expense on rendition (78.818ms)
  ✔ 23-25. closed period mutations and approvals are blocked and audited (5.5812ms)
  ✔ 26-27. bank TXT batch persists but does not mark CXP paid (65.1224ms)
  ✔ 28-29. payment confirmation settles CXP and creates payment journal (29.1821ms)
  ✔ 30. payment reconciliation and closure (37.7811ms)
  ✔ 31. month-end Cost Center/account consolidation reconciles (2.0783ms)
  ✔ 32. backend permission enforcement prevents self approval (5.6735ms)
  ✔ 33. audit records are immutable through normal operations (5.0958ms)
✔ production financial controls cover the canonical lifecycle (1738.0998ms)
▶ official UMA format Phase 1 foundations remain additive and migration-safe
  ✔ legacy request, supplier, rendition, and bank documents still load (1.0387ms)
  ✔ PRV and RG sequences are unique under concurrent use (19.2831ms)
  ✔ CCI and account normalization accepts formatting but rejects invalid length (0.1765ms)
  ✔ new enums reject unsupported values (1.1899ms)
  ✔ commercial totals use the existing decimal-safe money helpers (1.4069ms)
  ✔ quotation comparison enforces the approved structured foundation without changing submission (0.3479ms)
  ✔ mobility configuration evaluates the S/41 effective rule as a warning, not an automatic rejection (0.2614ms)
  ✔ supplier code is assigned at homologation, rejection remains distinct, and active bank history is retained (49.4937ms)
  ✔ employee reimbursement banking is separate and hidden from default reads (1.9693ms)
  ✔ dry-run migration does not mutate, apply is additive, and repeat apply is safe (29.311ms)
  ✔ new sparse and partial indexes remain compatible with legacy records (5.351ms)
✔ official UMA format Phase 1 foundations remain additive and migration-safe (1275.7276ms)
▶ RCO-FOR-002 Supplier Master and homologation controls
  ✔ 1-2. lookup-safe duplicate prevention and pending proposal without PRV (9.6388ms)
  ✔ 3-4. missing official documents and declarations return structured blockers (4.7367ms)
  ✔ 5. risky declarations are Finance flags and never auto approve or reject (2.6463ms)
  ✔ 6-8. Solicitor cannot own Finance review, bank verification, or PRV (7.7659ms)
  ✔ 9-10. successful and concurrent homologation assigns one immutable PRV (20.5771ms)
  ✔ 11 and 24. rejected supplier receives no PRV and duplicate recreation cannot bypass it (6.301ms)
  ✔ 12. observed proposal returns through permitted correction and retains audit history (16.5651ms)
  ✔ 13-17. multiple active accounts, pending start, preferred policy, CCI, and authorized verification (31.8813ms)
  ✔ 18. ownership mismatch cannot satisfy new-supplier homologation (10.7144ms)
  ✔ 19. authorized manual ownership acceptance requires comments and is audited (13.1367ms)
  ✔ 20-21. detraction account requires Banco de la Nacion only when explicitly selected (6.2062ms)
  ✔ 22. LEGACY_ACCEPTED stays compatible but is never relabelled VERIFIED (3.3191ms)
  ✔ 23. manual, mock and not-configured taxpayer validation report their real source (10.5641ms)
  ✔ bank data is full for Treasury/Finance and masked for unrelated Solicitors (18.8293ms)
✔ RCO-FOR-002 Supplier Master and homologation controls (1266.3273ms)
▶ indexed SUNAT lookup and nonblocking proposal prefill
  ✔ finds exact first, middle and final rows regardless of source order (7.3506ms)
  ✔ rebuilds an outdated index and persists it for subsequent calls (6.1302ms)
  ✔ handles UTF-8 records spanning read buffers (7.3358ms)
  ✔ prefills company data and invalidates cached RUCs after a dataset replacement (6.7918ms)
[SUNAT PADRON] Checking official public Padrón Reducido...
  ✔ does not wait for an in-progress refresh and refuses expired cached data (8.4192ms)
✔ indexed SUNAT lookup and nonblocking proposal prefill (40.8377ms)
▶ RCO-FOR-001 Phase 3 request controls
  ✔ legacy request remains readable and official fields are additive (0.5648ms)
  ✔ authorized CECO options are filtered and forged header/line CECOs are rejected (8.689ms)
  ✔ CAPEX fields, project snapshot, NPV and Payback are server controlled and stored without calculation (13.7761ms)
  ✔ OPEX frequency and exact commercial reconciliation preserve accounting totals (12.7027ms)
  ✔ automatic IGV survives database save, reload, edit and budget preview (36.982ms)
  ✔ configured quotation policy exposes its real minimum and detailed recommendation errors (1.5485ms)
  ✔ client cannot forge quotation snapshots or authorize its own exception (13.1728ms)
  ✔ each missing official narrative field blocks submission with a precise code (45.0149ms)
  ✔ quotation evidence, minimum, recommendation and supplier consistency are enforced (37.3592ms)
  ✔ pending and observed suppliers may be reviewed, while rejected/inactive and commitment use remain blocked (0.1661ms)
  ✔ a complete pending-supplier request submits for approval and carries server supplier snapshots (73.2972ms)
  ✔ budget preview uses current Budget dimensions, ignores fake status and never creates a commitment (4.1492ms)
✔ RCO-FOR-001 Phase 3 request controls (754.4902ms)
✔ IGV included: 3 x 1000 stays 3000 with an exact net/tax split (0.1398ms)
✔ IGV excluded: 3 x 1000 adds 540 and totals 3540 (0.0539ms)
✔ fractional quantities and half-cent rounding reconcile to the cent (1.5853ms)
✔ invalid inputs and non-boolean tax options are rejected (0.2431ms)
✔ editing quantity, price and IGV recalculates immediately; an empty price clears old totals (0.1694ms)
✔ legacy amounts are inferred only when consistent and otherwise remain unchanged (0.1185ms)
✔ API input ignores tampered amounts for automatic lines and validates the tax option (0.1414ms)
✔ model revalidation and reload preserve tax basis, gross commercial totals and PEN amounts (4.6174ms)
✔ old documents without the new tax field keep their historical totals (0.9927ms)
▶ official UMA Phase 4 rendition and employee reimbursement banking
  ✔ employee profile starts pending and protected Finance fields cannot be mass assigned (0.2693ms)
  ✔ Accounting manual verification works and malformed CCI is rejected (3.6833ms)
  ✔ cross-user bank changes are blocked and default model reads omit sensitive values (1.8387ms)
  ✔ effective-dated mobility configuration uses the transaction date (3.9396ms)
  ✔ acknowledgment and exact official/accounting reconciliation are blocking controls (7.0124ms)
  ✔ advance submission assigns one RG, snapshots beneficiary and preserves warning-only behavior (20.0892ms)
  ✔ observed advance can be corrected and resubmitted without changing its RG (26.5548ms)
  ✔ unsupported declaration and verified bank are required only for reimbursement (18.0012ms)
  ✔ Finance observe, resubmit, approve and reject remain distinct audited results (66.1511ms)
  ✔ later employee profile edits retain history and do not change the reimbursement snapshot (10.4347ms)
✔ official UMA Phase 4 rendition and employee reimbursement banking (1822.7924ms)
▶ Phase 5 end-to-end workflow integration controls
  ✔ controlled expense nature determines Purchase versus Service without parsing free text (0.1266ms)
  ✔ approved, committed, documented request with homologated active PRV supplier is ready (8.9872ms)
  ✔ pending, observed, rejected, and inactive suppliers remain distinct procurement blockers (35.567ms)
  ✔ PRV is read from Supplier Master and a forged request snapshot cannot satisfy the gate (9.3105ms)
  ✔ pending approval or missing commitment blocks order execution without creating a commitment (6.6452ms)
  ✔ Solicitor cannot issue an order and Budget creates it only from approved request data (38.3069ms)
  ✔ issued order preserves the selected quotation terms and does not create a payable (46.2552ms)
  ✔ fixed payment options persist their automatic split on the request and issued order (39.9392ms)
  ✔ invoice payables inherit issued order terms and preserve the snapshot on retry (38.3915ms)
  ✔ repeated and concurrent order creation remains idempotent (25.331ms)
  ✔ reimbursements and Entrega a Rendir never become procurement-order eligible (42.0537ms)
  ✔ Treasury receives only eligible CURRENT accounts and preferred is first (7.1556ms)
  ✔ alternative eligible selection works while arbitrary, inactive, pending, and currency-mismatched IDs are rejected (14.7502ms)
  ✔ scheduled supplier destination remains immutable after Supplier Master changes (2.4086ms)
  ✔ employee reimbursement uses the immutable rendition destination and never Supplier banking (3.9533ms)
  ✔ old AP documents remain readable and payment terms/due dates are optional (7.4268ms)
  ✔ milestone payables without a confirmed date remain pending in reports (37.5289ms)
  ✔ Request Detail masks payment destinations for approvers but Finance roles retain operational access (24.0682ms)
  ✔ Phase 5 role permissions preserve segregation of duties (0.1201ms)
✔ Phase 5 end-to-end workflow integration controls (2258.1165ms)
✔ triple-track domain exposes A1, A2, B and C with canonical exception states (0.3175ms)
✔ invoice-level CXP supports multiple records per request and links PO, SUNAT and batch (0.2268ms)
✔ audit log remains append-only (0.1827ms)
✔ A1 and B creation only allow CAPEX/OPEX while C stays an advance-to-render (0.6944ms)
✔ A2 batch service validates each candidate and isolates observations (0.2808ms)
✔ A2 uses a background runner and safe ZIP/XLSX parsing (0.3072ms)
✔ Track B performs XML/SUNAT preflight and automatic priority provisioning (0.1777ms)
✔ Track B bypasses Purchase Order while preserving budget execution (0.211ms)
✔ Track C enforces a ten-day deadline and blocks new overdue advances (0.2592ms)
✔ non-deductible Account 14 balance supports reimbursement or payroll deduction (0.172ms)
✔ bank notifications reach authorized reviewers and owners throughout the profile lifecycle (696.7264ms)
✔ budget simulator uses live annual/monthly limits and never writes a financial record (798.0854ms)
[0mPUT /api/work-drafts/eab7ec70-be7f-44b9-ae12-4b230550d4c7 [32m200[0m 10.602 ms - 211[0m
[0mPUT /api/work-drafts/eab7ec70-be7f-44b9-ae12-4b230550d4c7 [32m200[0m 4.122 ms - 211[0m
[0mGET /api/work-drafts/eab7ec70-be7f-44b9-ae12-4b230550d4c7 [32m200[0m 2.780 ms - 314[0m
[0mGET /api/work-drafts/eab7ec70-be7f-44b9-ae12-4b230550d4c7 [33m404[0m 1.881 ms - 92[0m
[0mGET /api/work-drafts [32m200[0m 2.034 ms - 11[0m
[0mDELETE /api/work-drafts/eab7ec70-be7f-44b9-ae12-4b230550d4c7 [33m404[0m 2.089 ms - 92[0m
[0mPUT /api/work-drafts/eab7ec70-be7f-44b9-ae12-4b230550d4c7 [33m409[0m 2.518 ms - 169[0m
[0mPUT /api/work-drafts/eab7ec70-be7f-44b9-ae12-4b230550d4c7 [32m200[0m 3.124 ms - 211[0m
[0mPUT /api/work-drafts/eab7ec70-be7f-44b9-ae12-4b230550d4c7 [33m409[0m 3.263 ms - 169[0m
[0mPUT /api/work-drafts/19cb4c36-5552-4250-ac6a-1e3731f4b7bb [32m200[0m 2.366 ms - 211[0m
[0mGET /api/work-drafts?scope=supplier&recordId=new [32m200[0m 1.785 ms - 416[0m
[0mPUT /api/work-drafts/70ffbb81-6d52-4084-855b-1a825afbcbc5 [33m422[0m 1.136 ms - 110[0m
[0mPUT /api/work-drafts/605c0806-2c9d-49f1-b484-7db6f9d04b81 [33m403[0m 0.999 ms - 113[0m
[0mPUT /api/work-drafts/5032acd1-8f28-4ae1-8140-18e1704c08a9 [33m422[0m 1.039 ms - 89[0m
[0mPOST /api/work-drafts/eab7ec70-be7f-44b9-ae12-4b230550d4c7/files [32m200[0m 143.213 ms - 108[0m
[0mGET /api/work-drafts/eab7ec70-be7f-44b9-ae12-4b230550d4c7/files/6aad6d0502936069c63c0d62 [32m200[0m 4.079 ms - 34[0m
[0mGET /api/work-drafts/eab7ec70-be7f-44b9-ae12-4b230550d4c7/files/6aad6d0502936069c63c0d62 [33m404[0m 1.989 ms - 92[0m
[0mGET /api/work-drafts/19cb4c36-5552-4250-ac6a-1e3731f4b7bb/files/6aad6d0502936069c63c0d62 [33m404[0m 17.813 ms - 90[0m
[0mDELETE /api/work-drafts/eab7ec70-be7f-44b9-ae12-4b230550d4c7?revision=1 [33m409[0m 2.393 ms - 104[0m
[0mDELETE /api/work-drafts/eab7ec70-be7f-44b9-ae12-4b230550d4c7?revision=2 [32m200[0m 3.745 ms - 16[0m
[0mGET /api/work-drafts/eab7ec70-be7f-44b9-ae12-4b230550d4c7 [33m404[0m 1.484 ms - 92[0m
[0mPUT /api/work-drafts/eab7ec70-be7f-44b9-ae12-4b230550d4c7 [33m409[0m 3.463 ms - 169[0m
✔ private drafts: ownership, encrypted attachments, atomic conflicts, retry, tombstones and no workflow effects (852.7167ms)
[0mPOST /api/suppliers [32m201[0m 30.611 ms - 2057[0m
[0mPOST /api/suppliers [32m201[0m 349.607 ms - 3479[0m
[0mPOST /api/suppliers [32m201[0m 63.373 ms - 3627[0m
[0mPOST /api/suppliers [33m422[0m 4.912 ms - 209[0m
[0mPOST /api/suppliers [33m422[0m 20.927 ms - 98[0m
✔ multipart supplier proposals accept unfinished person type and independent bank currency (839.4686ms)
▶ phase-based document and approval workflow rules
  ✔ A1 goods requirements are enforced at their correct phases (0.1397ms)
  ✔ A1 services separate contract, invoice, and service conformity (0.0929ms)
  ✔ professional services require receipt, agreement, and activity report (0.0669ms)
  ✔ missing current-phase evidence blocks progression (0.1016ms)
  ✔ A2 invoice candidates require XML and PDF (0.053ms)
  ✔ Track C supporting documents belong to rendition (0.0417ms)
  ✔ Track B defaults to Area Director then Vice Rector (0.0481ms)
  ✔ historical approval route structure is retained on resubmission (0.0974ms)
  ✔ configured rules match flowType instead of being bypassed (534.1256ms)
✔ phase-based document and approval workflow rules (535.4377ms)
▶ PEN, authoritative USD, dated fallback and immutable historical exchange evidence
  ✔ PEN requires no provider or conversion (0.1314ms)
  ✔ USD uses official selling rate and exact evidence (0.1646ms)
  ✔ weekend uses previous published business day (0.1471ms)
  ✔ holiday / missing publication uses previous published business day (0.0639ms)
  ✔ BCRP reference is opt-in and never authoritative; stale or future rates fail (0.4338ms)
  ✔ existing manual/BCRP snapshots are not rewritten (0.0973ms)
✔ PEN, authoritative USD, dated fallback and immutable historical exchange evidence (1.596ms)
▶ budget commitment, exceptions, separation of duties and cancellation history
  ✔ sufficient budget reserves and reduces availability, including legacy transitional configuration (7.8207ms)
  ✔ insufficiency always creates an auditable exception, even default REJECT configuration (16.65ms)
  ✔ extraordinary management approval enables overrun; self approval and repeated decisions are blocked (22.0699ms)
  ✔ cancellation releases once and preserves all commitment movements (4.4932ms)
  ✔ Track C reserves before advance accounting and executes only actual eligible rendition expense (15.2961ms)
  ✔ USD invoice rate variance reserves additional funds and preserves original evidence (30.5037ms)
  ✔ duplicate fiscal identity is protected by the database index (159.9612ms)
  ✔ unposted legacy unreserved commitments are revalidated without losing original evidence (7.7572ms)
✔ budget commitment, exceptions, separation of duties and cancellation history (1130.3826ms)
▶ supplier status is not invoice validity; XML evidence blocks inconsistent inputs
  ✔ public Padrón never verifies individual invoices (0.3701ms)
  ✔ individual and batch invoice inputs compare all seven XML fields (8.2128ms)
  ✔ production adapter cannot accept an active taxpayer response as an invoice response (0.334ms)
✔ supplier status is not invoice validity; XML evidence blocks inconsistent inputs (10.6872ms)
▶ UMA CeCo import is safe, auditable and idempotent
  ✔ duplicates collapse to one CeCo while conflicting metadata is held (1.7989ms)
  ✔ DNI assignment preserves authorized CeCos and unsafe matches remain in review (39.7553ms)
  ✔ demo CeCos are deactivated and historical snapshots never change (1.052ms)
  ✔ repeated import does not duplicate centers or change safe authorization (5.5922ms)
✔ UMA CeCo import is safe, auditable and idempotent (572.3313ms)
✔ BBVA PEN: supplied sample reproduced byte for byte (1.0145ms)
✔ BBVA USD: supplied sample reproduced byte for byte (0.6318ms)
✔ BBVA rejects invalid beneficiaries, amounts, currencies and unconfirmed configuration (0.8424ms)
✔ renditionStatus builds a direct rendition query and keeps the legacy pending alias (0.1378ms)
✔ allowedActions follows role, approval stage, route role and ownership (0.136ms)
✔ allowedActions exposes owner editing and finance transitions only when workflow evidence permits (0.0959ms)
✔ terminal requests return no invalid actions, including historical closure aliases (0.0585ms)
▶ SIRE/RCE uses one validated fiscal voucher per row
  ✔ one request with one invoice creates one row (14.9103ms)
  ✔ one request with multiple A1 invoices creates one row per invoice (13.213ms)
  ✔ A2 batch invoices remain separate voucher rows (11.5005ms)
  ✔ duplicate voucher links produce only one export row (9.6226ms)
  ✔ taxpayer-only evidence is excluded and historical missing links stay visible (10.3975ms)
  ✔ USD and Track B invoices retain exact CXP exchange rates (8.9937ms)
  ✔ repeated exports contain each fiscal identity once and preserve both histories (23.7305ms)
✔ SIRE/RCE uses one validated fiscal voucher per row (1175.4606ms)
▶ SLA notifications, escalation, retries and immutable audit
  ✔ due soon reaches only eligible current approvers (5.1262ms)
  ✔ overdue supersedes due-soon and does not reset read state (10.5457ms)
  ✔ long overdue escalates once to approver and Management with one immutable audit (9.4183ms)
  ✔ resolved approval stops alerts and resolves bell entries without changing due history (7.0669ms)
  ✔ new approval stage gets a new alert cycle; terminal and observed states never alert (4.2135ms)
  ✔ audit records reject save, update, replacement, bulk mutation and delete (2.5682ms)
  ✔ Admin override cannot bypass separation of duties or invent a workflow transition (0.1701ms)
✔ SLA notifications, escalation, retries and immutable audit (1254.9488ms)
✔ canonical status compatibility and partial child evidence (0.5696ms)
▶ workflow status actions preserve financial evidence
  ✔ migration replaces only the obsolete per-request reconciliation unique index (43.3722ms)
  ✔ rejected, cancelled and historical closed requests cannot change or lose evidence (48.3882ms)
  ✔ ordinary cancellation is terminal and refuses posted obligations (62.8701ms)
  ✔ three invoices stay TXT after one payment and PAGADO until every reconciliation (340.3993ms)
  ✔ Track C payment remains PAGADO while rendition is pending (97.835ms)
  ✔ migration dry-run preserves evidence; apply is additive and idempotent (32.0812ms)
  ✔ Track B rechecks XML values and provisions only a verified individual invoice (45.1648ms)
  ✔ A1 first/additional and A2 worker validate actual invoice files before posting (237.6023ms)
  ✔ closed periods stop A1 entry and queued A2 workers before processing evidence (21.5328ms)
  ✔ A1, additional invoices and A2 posting cannot bypass a closed period (94.5606ms)
✔ workflow status actions preserve financial evidence (2090.4055ms)
ℹ tests 236
ℹ suites 0
ℹ pass 236
ℹ fail 0
ℹ cancelled 0
ℹ skipped 0
ℹ todo 0
ℹ duration_ms 22304.691
