
> erp-financial-frontend@1.0.0 test
> node test/run.js

PASS row menu navigation skips disabled actions
PASS row menu navigation wraps at both ends
PASS Home and End select the first and last enabled actions
PASS an entirely disabled menu has no focus target
4 frontend tests passed.
PASS dashboard links: role access, draft/closed status filters and operational queues
PASS canonical request statuses contain the complete lifecycle
PASS request type and expense nature are separate controlled taxonomies
PASS all required functional profiles are available
PASS solicitor navigation exposes work entry but no privileged finance modules
PASS Treasury can use payment and reporting screens without supplier maintenance privileges
PASS Admin receives every navigation destination
PASS server table queries retain paging, filters, and sorting without empty parameters
7 financial frontend contract tests passed.
PASS shared financial formatters produce localized, fixed-precision values
PASS DataTable exposes saved views, density, export, and collapsible mobile filters
PASS command palette and mobile navigation preserve keyboard focus contracts
PASS analytics provide real drilldowns and an exact tabular fallback
PASS shared login exposes all eight UMA demo roles and fills their credentials
5 UI/UX contract tests passed.
PASS RCO-FOR-002 supplier workspace uses the existing shared UI and all official sections
PASS supplier UI calls the staged backend actions and never posts Finance-owned fields from proposal forms
PASS all Phase 2 Supplier labels have one synchronized Spanish dictionary
3 Supplier Phase 2 contract tests passed.
PASS RCO-FOR-001 extends the existing request wizard instead of introducing a parallel request page
PASS Solicitor CECO choices come from the authorized backend endpoint and lines inherit the header
PASS CAPEX and OPEX conditional sections use the approved enums and server project snapshot identifier
PASS structured quotation comparison links one evidence file per supplier and one radio recommendation
PASS budget preview uses the backend service endpoint and sends no client-owned budget decision
PASS Request Detail exposes approver-visible official fields, quotations, supplier status, and budget preview
PASS all Phase 3 labels and validation codes participate in the shared English-Spanish dictionary
PASS official request layouts collapse to one column without page-level fixed widths at 390px
8 Request Phase 3 contract tests passed.
PASS Request Detail reuses one official rendition workspace for both approved request types
PASS official workspace includes every Phase 4 information and review section
PASS mobility and unsupported rows are repeatable and use semantic form controls
PASS daily mobility warning comes from the backend policy and is not hard-coded in JSX
PASS browser totals are previews while the server receives only source detail lines
PASS authenticated acknowledgment and exceptional declaration have explicit controls
PASS employee reimbursement banking is a protected role-aware route
PASS bank UI masks values, separates Finance review, and exposes no verification field in employee form
PASS Finance review supports approved, observed, and rejected outcomes with comments
PASS Phase 4 layouts collapse safely for 390px-class mobile screens
PASS all Phase 4 labels and validation codes participate in shared English-Spanish i18n
11 Rendition Phase 4 contract tests passed.
PASS Request Detail presents one derived procurement readiness summary
PASS supplier readiness exposes pending, observed, rejected, inactive, and PRV outcomes
PASS Purchase or Service Order action is status-aware and restricted to Admin or Budget in the UI
PASS order confirmation explains immutable supplier, PRV, lines, currency, and amount source
PASS AP screens display the captured supplier payment terms and preserve due date
PASS Treasury sends an explicit account selection while the server supplies the eligible set
PASS preferred, alternate, blocked, and immutable payment destinations are distinguishable
PASS employee reimbursement destination is locked and never exposed as a selectable Supplier account
PASS Phase 5 English and Spanish labels share the existing i18n dictionary
PASS Phase 5 workflow panels use dense shared styles and collapse at mobile width
PASS Phase 5 does not introduce official PDF or Excel export behavior
11 Phase 5 workflow contract tests passed.
PASS Triple-track frontend contracts
PASS canonical workflow UI: lifecycle, historical closure, terminal states, separate rendition and child payment/reconciliation progress
PASS document workflow UI: current phase, required/uploaded/missing evidence, fee receipts, and configurable track/phase rules
PASS budget/fiscal UI: distinct validations, source/date/authority/fallback, historical evidence, Management approval and Budget review
PASS frontend/backend alignment: derived parent progress, terminal safety, Track C separation, BBVA source, role actions, CeCo, SUNAT evidence and documents
PASS SIRE/RCE frontend shows voucher, supplier, request, CXP, period, validation and export status
PASS SLA severity appears in approval inbox, dashboard and existing notification bell
✔ CeCo administration exposes UMA hierarchy and provenance (0.4735ms)
✔ user administration displays DNI, default CeCo hierarchy and keeps authorized CeCos (0.0909ms)
✔ request details prefer immutable historical CeCo snapshots (0.077ms)
ℹ tests 3
ℹ suites 0
ℹ pass 3
ℹ fail 0
ℹ cancelled 0
ℹ skipped 0
ℹ todo 0
ℹ duration_ms 7.9605
