
> erp-financial-frontend@1.0.0 build
> vite build

failed to load config from C:\Users\TI-SJL-0010\Downloads\finance-main-triple-track-updated\finance-main\frontend\vite.config.js
error during build:
Error: spawn EPERM
    at ChildProcess.spawn (node:internal/child_process:441:11)
    at Object.spawn (node:child_process:796:9)
    at ensureServiceIsRunning (C:\Users\TI-SJL-0010\Downloads\finance-main-triple-track-updated\finance-main\node_modules\esbuild\lib\main.js:1975:29)
    at build (C:\Users\TI-SJL-0010\Downloads\finance-main-triple-track-updated\finance-main\node_modules\esbuild\lib\main.js:1873:26)
    at bundleConfigFile (file:///C:/Users/TI-SJL-0010/Downloads/finance-main-triple-track-updated/finance-main/node_modules/vite/dist/node/chunks/dep-BK3b2jBa.js:66845:24)
    at loadConfigFromFile (file:///C:/Users/TI-SJL-0010/Downloads/finance-main-triple-track-updated/finance-main/node_modules/vite/dist/node/chunks/dep-BK3b2jBa.js:66815:27)
    at resolveConfig (file:///C:/Users/TI-SJL-0010/Downloads/finance-main-triple-track-updated/finance-main/node_modules/vite/dist/node/chunks/dep-BK3b2jBa.js:66416:30)
    at build (file:///C:/Users/TI-SJL-0010/Downloads/finance-main-triple-track-updated/finance-main/node_modules/vite/dist/node/chunks/dep-BK3b2jBa.js:65503:24)
    at CAC.<anonymous> (file:///C:/Users/TI-SJL-0010/Downloads/finance-main-triple-track-updated/finance-main/node_modules/vite/dist/node/cli.js:829:11)
npm error Lifecycle script `build` failed with error:
npm error code 1
npm error path C:\Users\TI-SJL-0010\Downloads\finance-main-triple-track-updated\finance-main\frontend
npm error workspace erp-financial-frontend@1.0.0
npm error location C:\Users\TI-SJL-0010\Downloads\finance-main-triple-track-updated\finance-main\frontend
npm error command failed
npm error command C:\WINDOWS\system32\cmd.exe /d /s /c vite build
