{
  "generatedAt": "2026-09-18T17:03:59.362Z",
  "sourceDatabase": "uma_finance_triple_track_fresh",
  "sourceAccess": "raw read only",
  "migrations": [
    {
      "script": "migrateCanonicalWorkflow.js",
      "run": 1,
      "mode": "DRY_RUN",
      "exitCode": 0
    },
    {
      "script": "migrateCanonicalWorkflow.js",
      "run": 2,
      "mode": "DRY_RUN",
      "exitCode": 0
    },
    {
      "script": "migrateOfficialUmaFormatsFoundation.js",
      "run": 1,
      "mode": "DRY_RUN",
      "exitCode": 0
    },
    {
      "script": "migrateOfficialUmaFormatsFoundation.js",
      "run": 2,
      "mode": "DRY_RUN",
      "exitCode": 0
    },
    {
      "script": "migrateTripleTrackWorkflow.js",
      "run": 1,
      "mode": "DRY_RUN",
      "exitCode": 0
    },
    {
      "script": "migrateTripleTrackWorkflow.js",
      "run": 2,
      "mode": "DRY_RUN",
      "exitCode": 0
    },
    {
      "script": "migrateWorkflowStatusesV2.js",
      "run": 1,
      "mode": "DRY_RUN",
      "exitCode": 0
    },
    {
      "script": "migrateWorkflowStatusesV2.js",
      "run": 2,
      "mode": "DRY_RUN",
      "exitCode": 0
    },
    {
      "script": "migrateDocumentPhases.js",
      "run": 1,
      "mode": "DRY_RUN",
      "exitCode": 0
    },
    {
      "script": "migrateDocumentPhases.js",
      "run": 2,
      "mode": "DRY_RUN",
      "exitCode": 0
    },
    {
      "script": "importUmaCostCenters.js",
      "run": 1,
      "mode": "DRY_RUN",
      "exitCode": 0
    },
    {
      "script": "importUmaCostCenters.js",
      "run": 2,
      "mode": "DRY_RUN",
      "exitCode": 0
    }
  ],
  "findings": {
    "sireWithoutJournalEligible": 1,
    "sireCancelledPayableEligible": 1,
    "sireMismatchedAmountCurrencyEligible": 1,
    "sireLegacyWithoutPayableVisible": 0
  },
  "sourceReplicaSet": null,
  "sourceCounts": {
    "paymentbatches": 0,
    "invoiceobservations": 0,
    "xmlvalidationattempts": 0,
    "employeereimbursementbankaccounts": 3,
    "accountingperiods": 3,
    "draftFiles.files": 1,
    "notifications": 3,
    "purchaseorders": 0,
    "bankformatconfigurations": 8,
    "accountingentries": 0,
    "massuploadbatches": 0,
    "approvalrules": 6,
    "journalentries": 0,
    "reconciliations": 0,
    "budgetexceptions": 0,
    "generatedfiles": 0,
    "draftFiles.chunks": 1,
    "sunatvouchers": 0,
    "budgetrules": 11,
    "accountingmappings": 12,
    "users": 12,
    "expensetypes": 7,
    "projects": 0,
    "accountspayables": 0,
    "documentrules": 8,
    "budgetallocations": 0,
    "costcenters": 6,
    "supplierbankaccounts": 1,
    "auditlogs": 16,
    "counters": 4,
    "exchangerates": 0,
    "suppliers": 1,
    "workdrafts": 6,
    "financialrequests": 0,
    "financeconfigurations": 1,
    "budgetcommitments": 0
  },
  "sourceIndexes": {
    "paymentbatches": [
      {
        "v": 2,
        "key": {
          "_id": 1
        },
        "name": "_id_"
      },
      {
        "v": 2,
        "key": {
          "batchNumber": 1
        },
        "name": "batchNumber_1",
        "background": true,
        "unique": true
      },
      {
        "v": 2,
        "key": {
          "priority": 1
        },
        "name": "priority_1",
        "background": true
      },
      {
        "v": 2,
        "key": {
          "status": 1
        },
        "name": "status_1",
        "background": true
      },
      {
        "v": 2,
        "key": {
          "status": 1,
          "paymentDate": 1
        },
        "name": "status_1_paymentDate_1",
        "background": true
      },
      {
        "v": 2,
        "key": {
          "bank": 1,
          "currency": 1,
          "generatedAt": -1
        },
        "name": "bank_1_currency_1_generatedAt_-1",
        "background": true
      }
    ],
    "invoiceobservations": [
      {
        "v": 2,
        "key": {
          "_id": 1
        },
        "name": "_id_"
      },
      {
        "v": 2,
        "key": {
          "request": 1
        },
        "name": "request_1",
        "background": true
      },
      {
        "v": 2,
        "key": {
          "purchaseOrder": 1
        },
        "name": "purchaseOrder_1",
        "background": true
      },
      {
        "v": 2,
        "key": {
          "batch": 1
        },
        "name": "batch_1",
        "background": true
      },
      {
        "v": 2,
        "key": {
          "status": 1
        },
        "name": "status_1",
        "background": true
      },
      {
        "v": 2,
        "key": {
          "resolutionStatus": 1
        },
        "name": "resolutionStatus_1",
        "background": true
      },
      {
        "v": 2,
        "key": {
          "batch": 1,
          "batchItemId": 1
        },
        "name": "batch_item_observation_unique",
        "background": true,
        "unique": true
      },
      {
        "v": 2,
        "key": {
          "resolutionStatus": 1,
          "status": 1,
          "updatedAt": -1
        },
        "name": "resolutionStatus_1_status_1_updatedAt_-1",
        "background": true
      },
      {
        "v": 2,
        "key": {
          "rucIssuer": 1,
          "voucherType": 1,
          "seriesNumber": 1,
          "resolutionStatus": 1
        },
        "name": "rucIssuer_1_voucherType_1_seriesNumber_1_resolutionStatus_1",
        "background": true
      }
    ],
    "xmlvalidationattempts": [
      {
        "v": 2,
        "key": {
          "_id": 1
        },
        "name": "_id_"
      },
      {
        "v": 2,
        "key": {
          "request": 1,
          "createdAt": -1
        },
        "name": "request_1_createdAt_-1",
        "background": true
      },
      {
        "v": 2,
        "key": {
          "supplier": 1,
          "status": 1,
          "createdAt": -1
        },
        "name": "supplier_1_status_1_createdAt_-1",
        "background": true
      }
    ],
    "employeereimbursementbankaccounts": [
      {
        "v": 2,
        "key": {
          "_id": 1
        },
        "name": "_id_"
      },
      {
        "v": 2,
        "key": {
          "user": 1,
          "active": 1,
          "validFrom": -1
        },
        "name": "user_1_active_1_validFrom_-1",
        "background": true
      },
      {
        "v": 2,
        "key": {
          "user": 1,
          "preferred": 1
        },
        "name": "one_active_preferred_employee_reimbursement_account",
        "background": true,
        "unique": true,
        "partialFilterExpression": {
          "active": true,
          "preferred": true
        }
      }
    ],
    "accountingperiods": [
      {
        "v": 2,
        "key": {
          "_id": 1
        },
        "name": "_id_"
      },
      {
        "v": 2,
        "key": {
          "period": 1
        },
        "name": "period_1",
        "background": true,
        "unique": true
      },
      {
        "v": 2,
        "key": {
          "status": 1
        },
        "name": "status_1",
        "background": true
      }
    ],
    "draftFiles.files": [
      {
        "v": 2,
        "key": {
          "_id": 1
        },
        "name": "_id_"
      },
      {
        "v": 2,
        "key": {
          "filename": 1,
          "uploadDate": 1
        },
        "name": "filename_1_uploadDate_1",
        "background": false
      }
    ],
    "notifications": [
      {
        "v": 2,
        "key": {
          "_id": 1
        },
        "name": "_id_"
      },
      {
        "v": 2,
        "key": {
          "user": 1,
          "eventKey": 1
        },
        "name": "user_1_eventKey_1",
        "background": true,
        "unique": true
      },
      {
        "v": 2,
        "key": {
          "user": 1,
          "readAt": 1,
          "createdAt": -1
        },
        "name": "user_1_readAt_1_createdAt_-1",
        "background": true
      }
    ],
    "purchaseorders": [
      {
        "v": 2,
        "key": {
          "_id": 1
        },
        "name": "_id_"
      },
      {
        "v": 2,
        "key": {
          "poNumber": 1
        },
        "name": "poNumber_1",
        "background": true,
        "unique": true
      },
      {
        "v": 2,
        "key": {
          "request": 1
        },
        "name": "request_1",
        "background": true,
        "unique": true
      },
      {
        "v": 2,
        "key": {
          "status": 1
        },
        "name": "status_1",
        "background": true
      },
      {
        "v": 2,
        "key": {
          "status": 1,
          "remainingAmount": 1,
          "issueDate": -1
        },
        "name": "status_1_remainingAmount_1_issueDate_-1",
        "background": true
      }
    ],
    "bankformatconfigurations": [
      {
        "v": 2,
        "key": {
          "_id": 1
        },
        "name": "_id_"
      },
      {
        "v": 2,
        "key": {
          "bank": 1,
          "currency": 1
        },
        "name": "bank_1_currency_1",
        "background": true,
        "unique": true
      }
    ],
    "accountingentries": [
      {
        "v": 2,
        "key": {
          "_id": 1
        },
        "name": "_id_"
      },
      {
        "v": 2,
        "key": {
          "entryNumber": 1
        },
        "name": "entryNumber_1",
        "background": true,
        "unique": true
      },
      {
        "v": 2,
        "key": {
          "request": 1,
          "type": 1
        },
        "name": "request_1_type_1",
        "background": true
      },
      {
        "v": 2,
        "key": {
          "period": 1,
          "costCenter": 1,
          "expenseType": 1
        },
        "name": "period_1_costCenter_1_expenseType_1",
        "background": true
      }
    ],
    "massuploadbatches": [
      {
        "v": 2,
        "key": {
          "_id": 1
        },
        "name": "_id_"
      },
      {
        "v": 2,
        "key": {
          "batchCode": 1
        },
        "name": "batchCode_1",
        "background": true,
        "unique": true
      },
      {
        "v": 2,
        "key": {
          "request": 1
        },
        "name": "request_1",
        "background": true
      },
      {
        "v": 2,
        "key": {
          "purchaseOrder": 1
        },
        "name": "purchaseOrder_1",
        "background": true
      },
      {
        "v": 2,
        "key": {
          "status": 1
        },
        "name": "status_1",
        "background": true
      },
      {
        "v": 2,
        "key": {
          "status": 1,
          "createdAt": 1
        },
        "name": "status_1_createdAt_1",
        "background": true
      },
      {
        "v": 2,
        "key": {
          "purchaseOrder": 1,
          "createdAt": -1
        },
        "name": "purchaseOrder_1_createdAt_-1",
        "background": true
      }
    ],
    "approvalrules": [
      {
        "v": 2,
        "key": {
          "_id": 1
        },
        "name": "_id_"
      },
      {
        "v": 2,
        "key": {
          "active": 1,
          "area": 1,
          "requestType": 1,
          "flowType": 1,
          "amountFrom": 1,
          "amountTo": 1,
          "sequence": 1
        },
        "name": "active_1_area_1_requestType_1_flowType_1_amountFrom_1_amountTo_1_sequence_1",
        "background": true
      }
    ],
    "journalentries": [
      {
        "v": 2,
        "key": {
          "_id": 1
        },
        "name": "_id_"
      },
      {
        "v": 2,
        "key": {
          "entryNumber": 1
        },
        "name": "entryNumber_1",
        "background": true,
        "unique": true
      },
      {
        "v": 2,
        "key": {
          "request": 1,
          "entryType": 1,
          "createdAt": 1
        },
        "name": "request_1_entryType_1_createdAt_1",
        "background": true
      },
      {
        "v": 2,
        "key": {
          "accountsPayable": 1,
          "entryType": 1,
          "sourceTransaction": 1
        },
        "name": "journal_ap_entry_source_unique",
        "background": true,
        "unique": true,
        "partialFilterExpression": {
          "accountsPayable": {
            "$type": "objectId"
          }
        }
      },
      {
        "v": 2,
        "key": {
          "period": 1,
          "entryType": 1,
          "status": 1
        },
        "name": "period_1_entryType_1_status_1",
        "background": true
      }
    ],
    "reconciliations": [
      {
        "v": 2,
        "key": {
          "_id": 1
        },
        "name": "_id_"
      },
      {
        "v": 2,
        "key": {
          "request": 1
        },
        "name": "request_1",
        "background": true,
        "unique": true
      },
      {
        "v": 2,
        "key": {
          "reconciledAt": -1
        },
        "name": "reconciledAt_-1",
        "background": true
      },
      {
        "v": 2,
        "key": {
          "accountsPayable": 1
        },
        "name": "reconciliation_payable_unique",
        "background": true,
        "unique": true,
        "partialFilterExpression": {
          "scope": "PAYABLE"
        }
      }
    ],
    "budgetexceptions": [
      {
        "v": 2,
        "key": {
          "_id": 1
        },
        "name": "_id_"
      },
      {
        "v": 2,
        "key": {
          "status": 1
        },
        "name": "status_1",
        "background": true
      },
      {
        "v": 2,
        "key": {
          "request": 1,
          "dimensionKey": 1
        },
        "name": "request_1_dimensionKey_1",
        "background": true,
        "unique": true
      },
      {
        "v": 2,
        "key": {
          "status": 1,
          "strategy": 1,
          "createdAt": -1
        },
        "name": "status_1_strategy_1_createdAt_-1",
        "background": true
      }
    ],
    "generatedfiles": [
      {
        "v": 2,
        "key": {
          "_id": 1
        },
        "name": "_id_"
      },
      {
        "v": 2,
        "key": {
          "kind": 1
        },
        "name": "kind_1",
        "background": true
      },
      {
        "v": 2,
        "key": {
          "kind": 1,
          "createdAt": -1
        },
        "name": "kind_1_createdAt_-1",
        "background": true
      }
    ],
    "draftFiles.chunks": [
      {
        "v": 2,
        "key": {
          "_id": 1
        },
        "name": "_id_"
      },
      {
        "v": 2,
        "key": {
          "files_id": 1,
          "n": 1
        },
        "name": "files_id_1_n_1",
        "background": true,
        "unique": true
      }
    ],
    "sunatvouchers": [
      {
        "v": 2,
        "key": {
          "_id": 1
        },
        "name": "_id_"
      },
      {
        "v": 2,
        "key": {
          "request": 1
        },
        "name": "request_1",
        "background": true
      },
      {
        "v": 2,
        "key": {
          "purchaseOrder": 1
        },
        "name": "purchaseOrder_1",
        "background": true
      },
      {
        "v": 2,
        "key": {
          "batch": 1
        },
        "name": "batch_1",
        "background": true
      },
      {
        "v": 2,
        "key": {
          "validationStatus": 1
        },
        "name": "validationStatus_1",
        "background": true
      },
      {
        "v": 2,
        "key": {
          "rucIssuer": 1,
          "voucherType": 1,
          "seriesNumber": 1
        },
        "name": "sunat_voucher_unique",
        "background": true,
        "unique": true
      },
      {
        "v": 2,
        "key": {
          "purchaseOrder": 1,
          "validationStatus": 1,
          "issueDate": 1
        },
        "name": "purchaseOrder_1_validationStatus_1_issueDate_1",
        "background": true
      },
      {
        "v": 2,
        "key": {
          "batch": 1,
          "validationStatus": 1
        },
        "name": "batch_1_validationStatus_1",
        "background": true
      }
    ],
    "budgetrules": [
      {
        "v": 2,
        "key": {
          "_id": 1
        },
        "name": "_id_"
      },
      {
        "v": 2,
        "key": {
          "active": 1,
          "costCenter": 1,
          "expenseType": 1,
          "project": 1
        },
        "name": "active_1_costCenter_1_expenseType_1_project_1",
        "background": true
      }
    ],
    "accountingmappings": [
      {
        "v": 2,
        "key": {
          "_id": 1
        },
        "name": "_id_"
      },
      {
        "v": 2,
        "key": {
          "code": 1
        },
        "name": "code_1",
        "background": true,
        "unique": true
      },
      {
        "v": 2,
        "key": {
          "active": 1,
          "purpose": 1,
          "requestType": 1,
          "expenseNature": 1,
          "bank": 1,
          "currency": 1
        },
        "name": "active_1_purpose_1_requestType_1_expenseNature_1_bank_1_currency_1",
        "background": true
      }
    ],
    "users": [
      {
        "v": 2,
        "key": {
          "_id": 1
        },
        "name": "_id_"
      },
      {
        "v": 2,
        "key": {
          "employeeCode": 1
        },
        "name": "employeeCode_1",
        "background": true,
        "unique": true,
        "sparse": true
      },
      {
        "v": 2,
        "key": {
          "email": 1
        },
        "name": "email_1",
        "background": true,
        "unique": true
      },
      {
        "v": 2,
        "key": {
          "active": 1,
          "role": 1
        },
        "name": "active_1_role_1",
        "background": true
      },
      {
        "v": 2,
        "key": {
          "dni": 1
        },
        "name": "dni_1",
        "background": true,
        "unique": true,
        "sparse": true
      }
    ],
    "expensetypes": [
      {
        "v": 2,
        "key": {
          "_id": 1
        },
        "name": "_id_"
      },
      {
        "v": 2,
        "key": {
          "code": 1
        },
        "name": "code_1",
        "background": true,
        "unique": true
      },
      {
        "v": 2,
        "key": {
          "active": 1,
          "category": 1,
          "accountNumber": 1
        },
        "name": "active_1_category_1_accountNumber_1",
        "background": true
      }
    ],
    "projects": [
      {
        "v": 2,
        "key": {
          "_id": 1
        },
        "name": "_id_"
      },
      {
        "v": 2,
        "key": {
          "code": 1
        },
        "name": "code_1",
        "background": true,
        "unique": true
      },
      {
        "v": 2,
        "key": {
          "active": 1,
          "name": 1
        },
        "name": "active_1_name_1",
        "background": true
      }
    ],
    "accountspayables": [
      {
        "v": 2,
        "key": {
          "_id": 1
        },
        "name": "_id_"
      },
      {
        "v": 2,
        "key": {
          "request": 1
        },
        "name": "request_1",
        "background": true
      },
      {
        "v": 2,
        "key": {
          "purchaseOrder": 1
        },
        "name": "purchaseOrder_1",
        "background": true
      },
      {
        "v": 2,
        "key": {
          "sunatVoucher": 1
        },
        "name": "sunatVoucher_1",
        "background": true
      },
      {
        "v": 2,
        "key": {
          "sourceBatch": 1
        },
        "name": "sourceBatch_1",
        "background": true
      },
      {
        "v": 2,
        "key": {
          "paymentPriority": 1
        },
        "name": "paymentPriority_1",
        "background": true
      },
      {
        "v": 2,
        "key": {
          "status": 1
        },
        "name": "status_1",
        "background": true
      },
      {
        "v": 2,
        "key": {
          "status": 1,
          "dueDate": 1
        },
        "name": "status_1_dueDate_1",
        "background": true
      },
      {
        "v": 2,
        "key": {
          "supplier": 1,
          "status": 1
        },
        "name": "supplier_1_status_1",
        "background": true
      },
      {
        "v": 2,
        "key": {
          "request": 1,
          "createdAt": 1
        },
        "name": "request_1_createdAt_1",
        "background": true
      },
      {
        "v": 2,
        "key": {
          "purchaseOrder": 1,
          "status": 1,
          "createdAt": 1
        },
        "name": "purchaseOrder_1_status_1_createdAt_1",
        "background": true
      },
      {
        "v": 2,
        "key": {
          "supplierIdentifierSnapshot": 1,
          "voucher.voucherType": 1,
          "voucher.series": 1,
          "voucher.number": 1
        },
        "name": "accounts_payable_voucher_unique",
        "background": true,
        "unique": true,
        "partialFilterExpression": {
          "supplierIdentifierSnapshot": {
            "$type": "string"
          },
          "voucher.voucherType": {
            "$type": "string"
          },
          "voucher.series": {
            "$type": "string"
          },
          "voucher.number": {
            "$type": "string"
          }
        }
      }
    ],
    "documentrules": [
      {
        "v": 2,
        "key": {
          "_id": 1
        },
        "name": "_id_"
      },
      {
        "v": 2,
        "key": {
          "code": 1
        },
        "name": "code_1",
        "background": true,
        "unique": true
      },
      {
        "v": 2,
        "key": {
          "active": 1,
          "requestType": 1,
          "expenseNature": 1
        },
        "name": "active_1_requestType_1_expenseNature_1",
        "background": true
      },
      {
        "v": 2,
        "key": {
          "active": 1,
          "phase": 1,
          "flowType": 1,
          "requestType": 1,
          "expenseNature": 1
        },
        "name": "active_1_phase_1_flowType_1_requestType_1_expenseNature_1",
        "background": true
      }
    ],
    "budgetallocations": [
      {
        "v": 2,
        "key": {
          "_id": 1
        },
        "name": "_id_"
      },
      {
        "v": 2,
        "key": {
          "period": 1,
          "costCenter": 1,
          "expenseType": 1,
          "project": 1
        },
        "name": "budget_dimension_unique",
        "background": true,
        "unique": true
      },
      {
        "v": 2,
        "key": {
          "active": 1,
          "period": 1
        },
        "name": "active_1_period_1",
        "background": true
      }
    ],
    "costcenters": [
      {
        "v": 2,
        "key": {
          "_id": 1
        },
        "name": "_id_"
      },
      {
        "v": 2,
        "key": {
          "code": 1
        },
        "name": "code_1",
        "background": true,
        "unique": true
      }
    ],
    "supplierbankaccounts": [
      {
        "v": 2,
        "key": {
          "_id": 1
        },
        "name": "_id_"
      },
      {
        "v": 2,
        "key": {
          "supplier": 1,
          "active": 1
        },
        "name": "supplier_1_active_1",
        "background": true
      },
      {
        "v": 2,
        "key": {
          "supplier": 1,
          "active": 1,
          "verificationStatus": 1,
          "preferred": -1
        },
        "name": "supplier_1_active_1_verificationStatus_1_preferred_-1",
        "background": true
      },
      {
        "v": 2,
        "key": {
          "supplier": 1,
          "currency": 1,
          "accountType": 1,
          "preferred": 1
        },
        "name": "one_active_preferred_supplier_account_per_currency_type",
        "background": true,
        "unique": true,
        "partialFilterExpression": {
          "active": true,
          "preferred": true
        }
      },
      {
        "v": 2,
        "key": {
          "accountNumber": 1
        },
        "name": "accountNumber_1",
        "background": true
      },
      {
        "v": 2,
        "key": {
          "cci": 1
        },
        "name": "cci_1",
        "background": true,
        "sparse": true
      }
    ],
    "auditlogs": [
      {
        "v": 2,
        "key": {
          "_id": 1
        },
        "name": "_id_"
      },
      {
        "v": 2,
        "key": {
          "module": 1
        },
        "name": "module_1",
        "background": true
      },
      {
        "v": 2,
        "key": {
          "entityType": 1
        },
        "name": "entityType_1",
        "background": true
      },
      {
        "v": 2,
        "key": {
          "entityId": 1
        },
        "name": "entityId_1",
        "background": true
      },
      {
        "v": 2,
        "key": {
          "requestId": 1
        },
        "name": "requestId_1",
        "background": true
      },
      {
        "v": 2,
        "key": {
          "entityType": 1,
          "entityId": 1,
          "createdAt": -1
        },
        "name": "entityType_1_entityId_1_createdAt_-1",
        "background": true
      },
      {
        "v": 2,
        "key": {
          "requestId": 1,
          "createdAt": -1
        },
        "name": "requestId_1_createdAt_-1",
        "background": true
      },
      {
        "v": 2,
        "key": {
          "module": 1,
          "action": 1,
          "createdAt": -1
        },
        "name": "module_1_action_1_createdAt_-1",
        "background": true
      }
    ],
    "counters": [
      {
        "v": 2,
        "key": {
          "_id": 1
        },
        "name": "_id_"
      },
      {
        "v": 2,
        "key": {
          "key": 1,
          "year": 1
        },
        "name": "key_1_year_1",
        "background": true,
        "unique": true
      }
    ],
    "exchangerates": [
      {
        "v": 2,
        "key": {
          "_id": 1
        },
        "name": "_id_"
      },
      {
        "v": 2,
        "key": {
          "currency": 1,
          "date": 1
        },
        "name": "currency_1_date_1",
        "background": true,
        "unique": true
      },
      {
        "v": 2,
        "key": {
          "currency": 1,
          "period": 1,
          "date": -1
        },
        "name": "currency_1_period_1_date_-1",
        "background": true
      }
    ],
    "suppliers": [
      {
        "v": 2,
        "key": {
          "_id": 1
        },
        "name": "_id_"
      },
      {
        "v": 2,
        "key": {
          "supplierCode": 1
        },
        "name": "supplierCode_1",
        "background": true,
        "unique": true,
        "sparse": true
      },
      {
        "v": 2,
        "key": {
          "rucDni": 1
        },
        "name": "rucDni_1",
        "background": true,
        "unique": true
      },
      {
        "v": 2,
        "key": {
          "normalizedIdentifier": 1
        },
        "name": "normalizedIdentifier_1",
        "background": true,
        "unique": true,
        "sparse": true
      },
      {
        "v": 2,
        "key": {
          "homologationStatus": 1
        },
        "name": "homologationStatus_1",
        "background": true
      },
      {
        "v": 2,
        "key": {
          "active": 1,
          "homologationStatus": 1,
          "name": 1
        },
        "name": "active_1_homologationStatus_1_name_1",
        "background": true
      },
      {
        "v": 2,
        "key": {
          "proposedBy": 1,
          "homologationStatus": 1,
          "createdAt": -1
        },
        "name": "proposedBy_1_homologationStatus_1_createdAt_-1",
        "background": true
      }
    ],
    "workdrafts": [
      {
        "v": 2,
        "key": {
          "_id": 1
        },
        "name": "_id_"
      },
      {
        "v": 2,
        "key": {
          "owner": 1
        },
        "name": "owner_1",
        "background": true
      },
      {
        "v": 2,
        "key": {
          "owner": 1,
          "scope": 1,
          "recordId": 1,
          "updatedAt": -1
        },
        "name": "owner_1_scope_1_recordId_1_updatedAt_-1",
        "background": true
      }
    ],
    "financialrequests": [
      {
        "v": 2,
        "key": {
          "_id": 1
        },
        "name": "_id_"
      },
      {
        "v": 2,
        "key": {
          "developmentScenarioKey": 1
        },
        "name": "developmentScenarioKey_1",
        "background": true,
        "unique": true,
        "sparse": true
      },
      {
        "v": 2,
        "key": {
          "requestNumber": 1
        },
        "name": "requestNumber_1",
        "background": true,
        "unique": true
      },
      {
        "v": 2,
        "key": {
          "areaCorrelative": 1
        },
        "name": "areaCorrelative_1",
        "background": true
      },
      {
        "v": 2,
        "key": {
          "flowType": 1
        },
        "name": "flowType_1",
        "background": true
      },
      {
        "v": 2,
        "key": {
          "status": 1
        },
        "name": "status_1",
        "background": true
      },
      {
        "v": 2,
        "key": {
          "accountingPeriod": 1,
          "status": 1,
          "createdAt": -1
        },
        "name": "accountingPeriod_1_status_1_createdAt_-1",
        "background": true
      },
      {
        "v": 2,
        "key": {
          "flowType": 1,
          "status": 1,
          "createdAt": -1
        },
        "name": "flowType_1_status_1_createdAt_-1",
        "background": true
      },
      {
        "v": 2,
        "key": {
          "requester": 1,
          "createdAt": -1
        },
        "name": "requester_1_createdAt_-1",
        "background": true
      },
      {
        "v": 2,
        "key": {
          "solicitor": 1,
          "createdAt": -1
        },
        "name": "solicitor_1_createdAt_-1",
        "background": true
      },
      {
        "v": 2,
        "key": {
          "supplier": 1,
          "createdAt": -1
        },
        "name": "supplier_1_createdAt_-1",
        "background": true
      },
      {
        "v": 2,
        "key": {
          "rendition.number": 1
        },
        "name": "rendition_number_unique",
        "background": true,
        "unique": true,
        "partialFilterExpression": {
          "rendition.number": {
            "$type": "string"
          }
        }
      },
      {
        "v": 2,
        "key": {
          "approvalStage": 1,
          "status": 1,
          "approvalDueAt": 1
        },
        "name": "approvalStage_1_status_1_approvalDueAt_1",
        "background": true
      },
      {
        "v": 2,
        "key": {
          "fiscalData.supplierIdentifierNormalized": 1,
          "fiscalData.voucherType": 1,
          "fiscalData.series": 1,
          "fiscalData.number": 1
        },
        "name": "voucher_identity_unique",
        "background": true,
        "unique": true,
        "partialFilterExpression": {
          "fiscalData.supplierIdentifierNormalized": {
            "$type": "string"
          },
          "fiscalData.voucherType": {
            "$type": "string"
          },
          "fiscalData.series": {
            "$type": "string"
          },
          "fiscalData.number": {
            "$type": "string"
          }
        }
      }
    ],
    "financeconfigurations": [
      {
        "v": 2,
        "key": {
          "_id": 1
        },
        "name": "_id_"
      },
      {
        "v": 2,
        "key": {
          "key": 1,
          "active": 1,
          "effectiveFrom": -1,
          "effectiveTo": 1
        },
        "name": "key_1_active_1_effectiveFrom_-1_effectiveTo_1",
        "background": true
      }
    ],
    "budgetcommitments": [
      {
        "v": 2,
        "key": {
          "_id": 1
        },
        "name": "_id_"
      },
      {
        "v": 2,
        "key": {
          "request": 1
        },
        "name": "request_1",
        "background": true,
        "unique": true
      },
      {
        "v": 2,
        "key": {
          "status": 1,
          "period": 1
        },
        "name": "status_1_period_1",
        "background": true
      }
    ]
  },
  "activeDemoCostCenters": [
    {
      "code": "CC-SAL-LAB-101",
      "name": "Laboratorios de Ciencias de la Salud"
    },
    {
      "code": "CC-FAR-LAB-201",
      "name": "Laboratorios de Farmacia y Bioquímica"
    },
    {
      "code": "CC-ING-TI-301",
      "name": "Ingeniería e Innovación Digital"
    },
    {
      "code": "CC-ADM-FIN-401",
      "name": "Administración y Finanzas"
    },
    {
      "code": "CC-INV-POS-501",
      "name": "Investigación y Posgrado"
    },
    {
      "code": "CC-REC-601",
      "name": "Rectorado y Gerencia General"
    }
  ],
  "bankConfigurations": [
    {
      "bank": "BCP",
      "currency": "PEN",
      "active": true,
      "mode": "DEMO",
      "confirmed": false
    },
    {
      "bank": "BCP",
      "currency": "USD",
      "active": true,
      "mode": "DEMO",
      "confirmed": false
    },
    {
      "bank": "BBVA",
      "currency": "PEN",
      "active": true,
      "mode": "DEMO",
      "confirmed": false
    },
    {
      "bank": "BBVA",
      "currency": "USD",
      "active": true,
      "mode": "DEMO",
      "confirmed": false
    },
    {
      "bank": "INTERBANK",
      "currency": "PEN",
      "active": true,
      "mode": "DEMO",
      "confirmed": false
    },
    {
      "bank": "INTERBANK",
      "currency": "USD",
      "active": true,
      "mode": "DEMO",
      "confirmed": false
    },
    {
      "bank": "SCOTIABANK",
      "currency": "PEN",
      "active": true,
      "mode": "DEMO",
      "confirmed": false
    },
    {
      "bank": "SCOTIABANK",
      "currency": "USD",
      "active": true,
      "mode": "DEMO",
      "confirmed": false
    }
  ],
  "appliedMigrationKeys": [],
  "activeAccountsUsingPublishedDemoPassword": 8,
  "migrationData": "copy of configured local launcher database; not a production-certified snapshot",
  "sourceDocumentsUnchanged": true,
  "sireTestExport": {
    "rows": 1,
    "schemaVersion": "SIRE_RCE_VOUCHER_V2",
    "directSubmission": false
  }
}
