MongoDB connected: erp_readiness_review_40008_1789751039358
{
  "migration": "2026-08-uma-triple-track-v3",
  "mode": "DRY_RUN",
  "requestsScanned": 0,
  "requestsUpdated": 0,
  "purchaseOrdersUpdated": 0,
  "accountsPayableLinksUpdated": 0,
  "accountsPayablesUpdated": 0,
  "accountsPayableFlowUpdated": 0,
  "accountsPayableBudgetExecutedBackfilled": 0,
  "accountsPayableBudgetPaidBackfilled": 0,
  "budgetCommitmentsScanned": 0,
  "budgetCommitmentsUpdated": 0,
  "reconciliationsScanned": 0,
  "reconciliationsUpdated": 0,
  "approvalRulesBackfilled": 0,
  "expressRuleRequired": false,
  "indexesToDrop": []
}
Dry run only. Back up MongoDB, review this output, then re-run with --apply.
